EEJEJD
